// Jest Snapshot v1, https://goo.gl/fbAQLP

exports[`RubiksCube class should generate cubes colors for 1x1 cube 1`] = `
Array [
  Array [
    Object {
      "b": 1,
      "g": 1,
      "r": 1,
    },
    Object {
      "b": 0,
      "g": 1,
      "r": 0,
    },
    Object {
      "b": 0,
      "g": 1,
      "r": 1,
    },
    Object {
      "b": 0,
      "g": 0,
      "r": 1,
    },
    Object {
      "b": 1,
      "g": 0,
      "r": 0,
    },
    Object {
      "b": 0,
      "g": 1,
      "r": 1,
    },
  ],
]
`;

exports[`RubiksCube class should generate cubes colors for 4x4 cube 1`] = `
Array [
  Array [
    Object {
      "b": 0,
      "g": 0,
      "r": 0,
    },
    Object {
      "b": 0,
      "g": 1,
      "r": 0,
    },
    Object {
      "b": 0,
      "g": 0,
      "r": 0,
    },
    Object {
      "b": 0,
      "g": 0,
      "r": 1,
    },
    Object {
      "b": 0,
      "g": 0,
      "r": 0,
    },
    Object {
      "b": 0,
      "g": 1,
      "r": 1,
    },
  ],
  Array [
    Object {
      "b": 0,
      "g": 0,
      "r": 0,
    },
    Object {
      "b": 0,
      "g": 1,
      "r": 0,
    },
    Object {
      "b": 0,
      "g": 0,
      "r": 0,
    },
    Object {
      "b": 0,
      "g": 0,
      "r": 1,
    },
    Object {
      "b": 0,
      "g": 0,
      "r": 0,
    },
    Object {
      "b": 0,
      "g": 0,
      "r": 0,
    },
  ],
  Array [
    Object {
      "b": 0,
      "g": 0,
      "r": 0,
    },
    Object {
      "b": 0,
      "g": 1,
      "r": 0,
    },
    Object {
      "b": 0,
      "g": 0,
      "r": 0,
    },
    Object {
      "b": 0,
      "g": 0,
      "r": 1,
    },
    Object {
      "b": 0,
      "g": 0,
      "r": 0,
    },
    Object {
      "b": 0,
      "g": 0,
      "r": 0,
    },
  ],
  Array [
    Object {
      "b": 0,
      "g": 0,
      "r": 0,
    },
    Object {
      "b": 0,
      "g": 1,
      "r": 0,
    },
    Object {
      "b": 0,
      "g": 0,
      "r": 0,
    },
    Object {
      "b": 0,
      "g": 0,
      "r": 1,
    },
    Object {
      "b": 1,
      "g": 0,
      "r": 0,
    },
    Object {
      "b": 0,
      "g": 0,
      "r": 0,
    },
  ],
  Array [
    Object {
      "b": 0,
      "g": 0,
      "r": 0,
    },
    Object {
      "b": 0,
      "g": 1,
      "r": 0,
    },
    Object {
      "b": 0,
      "g": 0,
      "r": 0,
    },
    Object {
      "b": 0,
      "g": 0,
      "r": 0,
    },
    Object {
      "b": 0,
      "g": 0,
      "r": 0,
    },
    Object {
      "b": 0,
      "g": 1,
      "r": 1,
    },
  ],
  Array [
    Object {
      "b": 0,
      "g": 0,
      "r": 0,
    },
    Object {
      "b": 0,
      "g": 1,
      "r": 0,
    },
    Object {
      "b": 0,
      "g": 0,
      "r": 0,
    },
    Object {
      "b": 0,
      "g": 0,
      "r": 0,
    },
    Object {
      "b": 0,
      "g": 0,
      "r": 0,
    },
    Object {
      "b": 0,
      "g": 0,
      "r": 0,
    },
  ],
  Array [
    Object {
      "b": 0,
      "g": 0,
      "r": 0,
    },
    Object {
      "b": 0,
      "g": 1,
      "r": 0,
    },
    Object {
      "b": 0,
      "g": 0,
      "r": 0,
    },
    Object {
      "b": 0,
      "g": 0,
      "r": 0,
    },
    Object {
      "b": 0,
      "g": 0,
      "r": 0,
    },
    Object {
      "b": 0,
      "g": 0,
      "r": 0,
    },
  ],
  Array [
    Object {
      "b": 0,
      "g": 0,
      "r": 0,
    },
    Object {
      "b": 0,
      "g": 1,
      "r": 0,
    },
    Object {
      "b": 0,
      "g": 0,
      "r": 0,
    },
    Object {
      "b": 0,
      "g": 0,
      "r": 0,
    },
    Object {
      "b": 1,
      "g": 0,
      "r": 0,
    },
    Object {
      "b": 0,
      "g": 0,
      "r": 0,
    },
  ],
  Array [
    Object {
      "b": 0,
      "g": 0,
      "r": 0,
    },
    Object {
      "b": 0,
      "g": 1,
      "r": 0,
    },
    Object {
      "b": 0,
      "g": 0,
      "r": 0,
    },
    Object {
      "b": 0,
      "g": 0,
      "r": 0,
    },
    Object {
      "b": 0,
      "g": 0,
      "r": 0,
    },
    Object {
      "b": 0,
      "g": 1,
      "r": 1,
    },
  ],
  Array [
    Object {
      "b": 0,
      "g": 0,
      "r": 0,
    },
    Object {
      "b": 0,
      "g": 1,
      "r": 0,
    },
    Object {
      "b": 0,
      "g": 0,
      "r": 0,
    },
    Object {
      "b": 0,
      "g": 0,
      "r": 0,
    },
    Object {
      "b": 0,
      "g": 0,
      "r": 0,
    },
    Object {
      "b": 0,
      "g": 0,
      "r": 0,
    },
  ],
  Array [
    Object {
      "b": 0,
      "g": 0,
      "r": 0,
    },
    Object {
      "b": 0,
      "g": 1,
      "r": 0,
    },
    Object {
      "b": 0,
      "g": 0,
      "r": 0,
    },
    Object {
      "b": 0,
      "g": 0,
      "r": 0,
    },
    Object {
      "b": 0,
      "g": 0,
      "r": 0,
    },
    Object {
      "b": 0,
      "g": 0,
      "r": 0,
    },
  ],
  Array [
    Object {
      "b": 0,
      "g": 0,
      "r": 0,
    },
    Object {
      "b": 0,
      "g": 1,
      "r": 0,
    },
    Object {
      "b": 0,
      "g": 0,
      "r": 0,
    },
    Object {
      "b": 0,
      "g": 0,
      "r": 0,
    },
    Object {
      "b": 1,
      "g": 0,
      "r": 0,
    },
    Object {
      "b": 0,
      "g": 0,
      "r": 0,
    },
  ],
  Array [
    Object {
      "b": 0,
      "g": 0,
      "r": 0,
    },
    Object {
      "b": 0,
      "g": 1,
      "r": 0,
    },
    Object {
      "b": 0,
      "g": 1,
      "r": 1,
    },
    Object {
      "b": 0,
      "g": 0,
      "r": 0,
    },
    Object {
      "b": 0,
      "g": 0,
      "r": 0,
    },
    Object {
      "b": 0,
      "g": 1,
      "r": 1,
    },
  ],
  Array [
    Object {
      "b": 0,
      "g": 0,
      "r": 0,
    },
    Object {
      "b": 0,
      "g": 1,
      "r": 0,
    },
    Object {
      "b": 0,
      "g": 1,
      "r": 1,
    },
    Object {
      "b": 0,
      "g": 0,
      "r": 0,
    },
    Object {
      "b": 0,
      "g": 0,
      "r": 0,
    },
    Object {
      "b": 0,
      "g": 0,
      "r": 0,
    },
  ],
  Array [
    Object {
      "b": 0,
      "g": 0,
      "r": 0,
    },
    Object {
      "b": 0,
      "g": 1,
      "r": 0,
    },
    Object {
      "b": 0,
      "g": 1,
      "r": 1,
    },
    Object {
      "b": 0,
      "g": 0,
      "r": 0,
    },
    Object {
      "b": 0,
      "g": 0,
      "r": 0,
    },
    Object {
      "b": 0,
      "g": 0,
      "r": 0,
    },
  ],
  Array [
    Object {
      "b": 0,
      "g": 0,
      "r": 0,
    },
    Object {
      "b": 0,
      "g": 1,
      "r": 0,
    },
    Object {
      "b": 0,
      "g": 1,
      "r": 1,
    },
    Object {
      "b": 0,
      "g": 0,
      "r": 0,
    },
    Object {
      "b": 1,
      "g": 0,
      "r": 0,
    },
    Object {
      "b": 0,
      "g": 0,
      "r": 0,
    },
  ],
  Array [
    Object {
      "b": 0,
      "g": 0,
      "r": 0,
    },
    Object {
      "b": 0,
      "g": 0,
      "r": 0,
    },
    Object {
      "b": 0,
      "g": 0,
      "r": 0,
    },
    Object {
      "b": 0,
      "g": 0,
      "r": 1,
    },
    Object {
      "b": 0,
      "g": 0,
      "r": 0,
    },
    Object {
      "b": 0,
      "g": 1,
      "r": 1,
    },
  ],
  Array [
    Object {
      "b": 0,
      "g": 0,
      "r": 0,
    },
    Object {
      "b": 0,
      "g": 0,
      "r": 0,
    },
    Object {
      "b": 0,
      "g": 0,
      "r": 0,
    },
    Object {
      "b": 0,
      "g": 0,
      "r": 1,
    },
    Object {
      "b": 0,
      "g": 0,
      "r": 0,
    },
    Object {
      "b": 0,
      "g": 0,
      "r": 0,
    },
  ],
  Array [
    Object {
      "b": 0,
      "g": 0,
      "r": 0,
    },
    Object {
      "b": 0,
      "g": 0,
      "r": 0,
    },
    Object {
      "b": 0,
      "g": 0,
      "r": 0,
    },
    Object {
      "b": 0,
      "g": 0,
      "r": 1,
    },
    Object {
      "b": 0,
      "g": 0,
      "r": 0,
    },
    Object {
      "b": 0,
      "g": 0,
      "r": 0,
    },
  ],
  Array [
    Object {
      "b": 0,
      "g": 0,
      "r": 0,
    },
    Object {
      "b": 0,
      "g": 0,
      "r": 0,
    },
    Object {
      "b": 0,
      "g": 0,
      "r": 0,
    },
    Object {
      "b": 0,
      "g": 0,
      "r": 1,
    },
    Object {
      "b": 1,
      "g": 0,
      "r": 0,
    },
    Object {
      "b": 0,
      "g": 0,
      "r": 0,
    },
  ],
  Array [
    Object {
      "b": 0,
      "g": 0,
      "r": 0,
    },
    Object {
      "b": 0,
      "g": 0,
      "r": 0,
    },
    Object {
      "b": 0,
      "g": 0,
      "r": 0,
    },
    Object {
      "b": 0,
      "g": 0,
      "r": 0,
    },
    Object {
      "b": 0,
      "g": 0,
      "r": 0,
    },
    Object {
      "b": 0,
      "g": 1,
      "r": 1,
    },
  ],
  Array [
    Object {
      "b": 0,
      "g": 0,
      "r": 0,
    },
    Object {
      "b": 0,
      "g": 0,
      "r": 0,
    },
    Object {
      "b": 0,
      "g": 0,
      "r": 0,
    },
    Object {
      "b": 0,
      "g": 0,
      "r": 0,
    },
    Object {
      "b": 0,
      "g": 0,
      "r": 0,
    },
    Object {
      "b": 0,
      "g": 0,
      "r": 0,
    },
  ],
  Array [
    Object {
      "b": 0,
      "g": 0,
      "r": 0,
    },
    Object {
      "b": 0,
      "g": 0,
      "r": 0,
    },
    Object {
      "b": 0,
      "g": 0,
      "r": 0,
    },
    Object {
      "b": 0,
      "g": 0,
      "r": 0,
    },
    Object {
      "b": 0,
      "g": 0,
      "r": 0,
    },
    Object {
      "b": 0,
      "g": 0,
      "r": 0,
    },
  ],
  Array [
    Object {
      "b": 0,
      "g": 0,
      "r": 0,
    },
    Object {
      "b": 0,
      "g": 0,
      "r": 0,
    },
    Object {
      "b": 0,
      "g": 0,
      "r": 0,
    },
    Object {
      "b": 0,
      "g": 0,
      "r": 0,
    },
    Object {
      "b": 1,
      "g": 0,
      "r": 0,
    },
    Object {
      "b": 0,
      "g": 0,
      "r": 0,
    },
  ],
  Array [
    Object {
      "b": 0,
      "g": 0,
      "r": 0,
    },
    Object {
      "b": 0,
      "g": 0,
      "r": 0,
    },
    Object {
      "b": 0,
      "g": 0,
      "r": 0,
    },
    Object {
      "b": 0,
      "g": 0,
      "r": 0,
    },
    Object {
      "b": 0,
      "g": 0,
      "r": 0,
    },
    Object {
      "b": 0,
      "g": 1,
      "r": 1,
    },
  ],
  Array [
    Object {
      "b": 0,
      "g": 0,
      "r": 0,
    },
    Object {
      "b": 0,
      "g": 0,
      "r": 0,
    },
    Object {
      "b": 0,
      "g": 0,
      "r": 0,
    },
    Object {
      "b": 0,
      "g": 0,
      "r": 0,
    },
    Object {
      "b": 0,
      "g": 0,
      "r": 0,
    },
    Object {
      "b": 0,
      "g": 0,
      "r": 0,
    },
  ],
  Array [
    Object {
      "b": 0,
      "g": 0,
      "r": 0,
    },
    Object {
      "b": 0,
      "g": 0,
      "r": 0,
    },
    Object {
      "b": 0,
      "g": 0,
      "r": 0,
    },
    Object {
      "b": 0,
      "g": 0,
      "r": 0,
    },
    Object {
      "b": 0,
      "g": 0,
      "r": 0,
    },
    Object {
      "b": 0,
      "g": 0,
      "r": 0,
    },
  ],
  Array [
    Object {
      "b": 0,
      "g": 0,
      "r": 0,
    },
    Object {
      "b": 0,
      "g": 0,
      "r": 0,
    },
    Object {
      "b": 0,
      "g": 0,
      "r": 0,
    },
    Object {
      "b": 0,
      "g": 0,
      "r": 0,
    },
    Object {
      "b": 1,
      "g": 0,
      "r": 0,
    },
    Object {
      "b": 0,
      "g": 0,
      "r": 0,
    },
  ],
  Array [
    Object {
      "b": 0,
      "g": 0,
      "r": 0,
    },
    Object {
      "b": 0,
      "g": 0,
      "r": 0,
    },
    Object {
      "b": 0,
      "g": 1,
      "r": 1,
    },
    Object {
      "b": 0,
      "g": 0,
      "r": 0,
    },
    Object {
      "b": 0,
      "g": 0,
      "r": 0,
    },
    Object {
      "b": 0,
      "g": 1,
      "r": 1,
    },
  ],
  Array [
    Object {
      "b": 0,
      "g": 0,
      "r": 0,
    },
    Object {
      "b": 0,
      "g": 0,
      "r": 0,
    },
    Object {
      "b": 0,
      "g": 1,
      "r": 1,
    },
    Object {
      "b": 0,
      "g": 0,
      "r": 0,
    },
    Object {
      "b": 0,
      "g": 0,
      "r": 0,
    },
    Object {
      "b": 0,
      "g": 0,
      "r": 0,
    },
  ],
  Array [
    Object {
      "b": 0,
      "g": 0,
      "r": 0,
    },
    Object {
      "b": 0,
      "g": 0,
      "r": 0,
    },
    Object {
      "b": 0,
      "g": 1,
      "r": 1,
    },
    Object {
      "b": 0,
      "g": 0,
      "r": 0,
    },
    Object {
      "b": 0,
      "g": 0,
      "r": 0,
    },
    Object {
      "b": 0,
      "g": 0,
      "r": 0,
    },
  ],
  Array [
    Object {
      "b": 0,
      "g": 0,
      "r": 0,
    },
    Object {
      "b": 0,
      "g": 0,
      "r": 0,
    },
    Object {
      "b": 0,
      "g": 1,
      "r": 1,
    },
    Object {
      "b": 0,
      "g": 0,
      "r": 0,
    },
    Object {
      "b": 1,
      "g": 0,
      "r": 0,
    },
    Object {
      "b": 0,
      "g": 0,
      "r": 0,
    },
  ],
  Array [
    Object {
      "b": 0,
      "g": 0,
      "r": 0,
    },
    Object {
      "b": 0,
      "g": 0,
      "r": 0,
    },
    Object {
      "b": 0,
      "g": 0,
      "r": 0,
    },
    Object {
      "b": 0,
      "g": 0,
      "r": 1,
    },
    Object {
      "b": 0,
      "g": 0,
      "r": 0,
    },
    Object {
      "b": 0,
      "g": 1,
      "r": 1,
    },
  ],
  Array [
    Object {
      "b": 0,
      "g": 0,
      "r": 0,
    },
    Object {
      "b": 0,
      "g": 0,
      "r": 0,
    },
    Object {
      "b": 0,
      "g": 0,
      "r": 0,
    },
    Object {
      "b": 0,
      "g": 0,
      "r": 1,
    },
    Object {
      "b": 0,
      "g": 0,
      "r": 0,
    },
    Object {
      "b": 0,
      "g": 0,
      "r": 0,
    },
  ],
  Array [
    Object {
      "b": 0,
      "g": 0,
      "r": 0,
    },
    Object {
      "b": 0,
      "g": 0,
      "r": 0,
    },
    Object {
      "b": 0,
      "g": 0,
      "r": 0,
    },
    Object {
      "b": 0,
      "g": 0,
      "r": 1,
    },
    Object {
      "b": 0,
      "g": 0,
      "r": 0,
    },
    Object {
      "b": 0,
      "g": 0,
      "r": 0,
    },
  ],
  Array [
    Object {
      "b": 0,
      "g": 0,
      "r": 0,
    },
    Object {
      "b": 0,
      "g": 0,
      "r": 0,
    },
    Object {
      "b": 0,
      "g": 0,
      "r": 0,
    },
    Object {
      "b": 0,
      "g": 0,
      "r": 1,
    },
    Object {
      "b": 1,
      "g": 0,
      "r": 0,
    },
    Object {
      "b": 0,
      "g": 0,
      "r": 0,
    },
  ],
  Array [
    Object {
      "b": 0,
      "g": 0,
      "r": 0,
    },
    Object {
      "b": 0,
      "g": 0,
      "r": 0,
    },
    Object {
      "b": 0,
      "g": 0,
      "r": 0,
    },
    Object {
      "b": 0,
      "g": 0,
      "r": 0,
    },
    Object {
      "b": 0,
      "g": 0,
      "r": 0,
    },
    Object {
      "b": 0,
      "g": 1,
      "r": 1,
    },
  ],
  Array [
    Object {
      "b": 0,
      "g": 0,
      "r": 0,
    },
    Object {
      "b": 0,
      "g": 0,
      "r": 0,
    },
    Object {
      "b": 0,
      "g": 0,
      "r": 0,
    },
    Object {
      "b": 0,
      "g": 0,
      "r": 0,
    },
    Object {
      "b": 0,
      "g": 0,
      "r": 0,
    },
    Object {
      "b": 0,
      "g": 0,
      "r": 0,
    },
  ],
  Array [
    Object {
      "b": 0,
      "g": 0,
      "r": 0,
    },
    Object {
      "b": 0,
      "g": 0,
      "r": 0,
    },
    Object {
      "b": 0,
      "g": 0,
      "r": 0,
    },
    Object {
      "b": 0,
      "g": 0,
      "r": 0,
    },
    Object {
      "b": 0,
      "g": 0,
      "r": 0,
    },
    Object {
      "b": 0,
      "g": 0,
      "r": 0,
    },
  ],
  Array [
    Object {
      "b": 0,
      "g": 0,
      "r": 0,
    },
    Object {
      "b": 0,
      "g": 0,
      "r": 0,
    },
    Object {
      "b": 0,
      "g": 0,
      "r": 0,
    },
    Object {
      "b": 0,
      "g": 0,
      "r": 0,
    },
    Object {
      "b": 1,
      "g": 0,
      "r": 0,
    },
    Object {
      "b": 0,
      "g": 0,
      "r": 0,
    },
  ],
  Array [
    Object {
      "b": 0,
      "g": 0,
      "r": 0,
    },
    Object {
      "b": 0,
      "g": 0,
      "r": 0,
    },
    Object {
      "b": 0,
      "g": 0,
      "r": 0,
    },
    Object {
      "b": 0,
      "g": 0,
      "r": 0,
    },
    Object {
      "b": 0,
      "g": 0,
      "r": 0,
    },
    Object {
      "b": 0,
      "g": 1,
      "r": 1,
    },
  ],
  Array [
    Object {
      "b": 0,
      "g": 0,
      "r": 0,
    },
    Object {
      "b": 0,
      "g": 0,
      "r": 0,
    },
    Object {
      "b": 0,
      "g": 0,
      "r": 0,
    },
    Object {
      "b": 0,
      "g": 0,
      "r": 0,
    },
    Object {
      "b": 0,
      "g": 0,
      "r": 0,
    },
    Object {
      "b": 0,
      "g": 0,
      "r": 0,
    },
  ],
  Array [
    Object {
      "b": 0,
      "g": 0,
      "r": 0,
    },
    Object {
      "b": 0,
      "g": 0,
      "r": 0,
    },
    Object {
      "b": 0,
      "g": 0,
      "r": 0,
    },
    Object {
      "b": 0,
      "g": 0,
      "r": 0,
    },
    Object {
      "b": 0,
      "g": 0,
      "r": 0,
    },
    Object {
      "b": 0,
      "g": 0,
      "r": 0,
    },
  ],
  Array [
    Object {
      "b": 0,
      "g": 0,
      "r": 0,
    },
    Object {
      "b": 0,
      "g": 0,
      "r": 0,
    },
    Object {
      "b": 0,
      "g": 0,
      "r": 0,
    },
    Object {
      "b": 0,
      "g": 0,
      "r": 0,
    },
    Object {
      "b": 1,
      "g": 0,
      "r": 0,
    },
    Object {
      "b": 0,
      "g": 0,
      "r": 0,
    },
  ],
  Array [
    Object {
      "b": 0,
      "g": 0,
      "r": 0,
    },
    Object {
      "b": 0,
      "g": 0,
      "r": 0,
    },
    Object {
      "b": 0,
      "g": 1,
      "r": 1,
    },
    Object {
      "b": 0,
      "g": 0,
      "r": 0,
    },
    Object {
      "b": 0,
      "g": 0,
      "r": 0,
    },
    Object {
      "b": 0,
      "g": 1,
      "r": 1,
    },
  ],
  Array [
    Object {
      "b": 0,
      "g": 0,
      "r": 0,
    },
    Object {
      "b": 0,
      "g": 0,
      "r": 0,
    },
    Object {
      "b": 0,
      "g": 1,
      "r": 1,
    },
    Object {
      "b": 0,
      "g": 0,
      "r": 0,
    },
    Object {
      "b": 0,
      "g": 0,
      "r": 0,
    },
    Object {
      "b": 0,
      "g": 0,
      "r": 0,
    },
  ],
  Array [
    Object {
      "b": 0,
      "g": 0,
      "r": 0,
    },
    Object {
      "b": 0,
      "g": 0,
      "r": 0,
    },
    Object {
      "b": 0,
      "g": 1,
      "r": 1,
    },
    Object {
      "b": 0,
      "g": 0,
      "r": 0,
    },
    Object {
      "b": 0,
      "g": 0,
      "r": 0,
    },
    Object {
      "b": 0,
      "g": 0,
      "r": 0,
    },
  ],
  Array [
    Object {
      "b": 0,
      "g": 0,
      "r": 0,
    },
    Object {
      "b": 0,
      "g": 0,
      "r": 0,
    },
    Object {
      "b": 0,
      "g": 1,
      "r": 1,
    },
    Object {
      "b": 0,
      "g": 0,
      "r": 0,
    },
    Object {
      "b": 1,
      "g": 0,
      "r": 0,
    },
    Object {
      "b": 0,
      "g": 0,
      "r": 0,
    },
  ],
  Array [
    Object {
      "b": 1,
      "g": 1,
      "r": 1,
    },
    Object {
      "b": 0,
      "g": 0,
      "r": 0,
    },
    Object {
      "b": 0,
      "g": 0,
      "r": 0,
    },
    Object {
      "b": 0,
      "g": 0,
      "r": 1,
    },
    Object {
      "b": 0,
      "g": 0,
      "r": 0,
    },
    Object {
      "b": 0,
      "g": 1,
      "r": 1,
    },
  ],
  Array [
    Object {
      "b": 1,
      "g": 1,
      "r": 1,
    },
    Object {
      "b": 0,
      "g": 0,
      "r": 0,
    },
    Object {
      "b": 0,
      "g": 0,
      "r": 0,
    },
    Object {
      "b": 0,
      "g": 0,
      "r": 1,
    },
    Object {
      "b": 0,
      "g": 0,
      "r": 0,
    },
    Object {
      "b": 0,
      "g": 0,
      "r": 0,
    },
  ],
  Array [
    Object {
      "b": 1,
      "g": 1,
      "r": 1,
    },
    Object {
      "b": 0,
      "g": 0,
      "r": 0,
    },
    Object {
      "b": 0,
      "g": 0,
      "r": 0,
    },
    Object {
      "b": 0,
      "g": 0,
      "r": 1,
    },
    Object {
      "b": 0,
      "g": 0,
      "r": 0,
    },
    Object {
      "b": 0,
      "g": 0,
      "r": 0,
    },
  ],
  Array [
    Object {
      "b": 1,
      "g": 1,
      "r": 1,
    },
    Object {
      "b": 0,
      "g": 0,
      "r": 0,
    },
    Object {
      "b": 0,
      "g": 0,
      "r": 0,
    },
    Object {
      "b": 0,
      "g": 0,
      "r": 1,
    },
    Object {
      "b": 1,
      "g": 0,
      "r": 0,
    },
    Object {
      "b": 0,
      "g": 0,
      "r": 0,
    },
  ],
  Array [
    Object {
      "b": 1,
      "g": 1,
      "r": 1,
    },
    Object {
      "b": 0,
      "g": 0,
      "r": 0,
    },
    Object {
      "b": 0,
      "g": 0,
      "r": 0,
    },
    Object {
      "b": 0,
      "g": 0,
      "r": 0,
    },
    Object {
      "b": 0,
      "g": 0,
      "r": 0,
    },
    Object {
      "b": 0,
      "g": 1,
      "r": 1,
    },
  ],
  Array [
    Object {
      "b": 1,
      "g": 1,
      "r": 1,
    },
    Object {
      "b": 0,
      "g": 0,
      "r": 0,
    },
    Object {
      "b": 0,
      "g": 0,
      "r": 0,
    },
    Object {
      "b": 0,
      "g": 0,
      "r": 0,
    },
    Object {
      "b": 0,
      "g": 0,
      "r": 0,
    },
    Object {
      "b": 0,
      "g": 0,
      "r": 0,
    },
  ],
  Array [
    Object {
      "b": 1,
      "g": 1,
      "r": 1,
    },
    Object {
      "b": 0,
      "g": 0,
      "r": 0,
    },
    Object {
      "b": 0,
      "g": 0,
      "r": 0,
    },
    Object {
      "b": 0,
      "g": 0,
      "r": 0,
    },
    Object {
      "b": 0,
      "g": 0,
      "r": 0,
    },
    Object {
      "b": 0,
      "g": 0,
      "r": 0,
    },
  ],
  Array [
    Object {
      "b": 1,
      "g": 1,
      "r": 1,
    },
    Object {
      "b": 0,
      "g": 0,
      "r": 0,
    },
    Object {
      "b": 0,
      "g": 0,
      "r": 0,
    },
    Object {
      "b": 0,
      "g": 0,
      "r": 0,
    },
    Object {
      "b": 1,
      "g": 0,
      "r": 0,
    },
    Object {
      "b": 0,
      "g": 0,
      "r": 0,
    },
  ],
  Array [
    Object {
      "b": 1,
      "g": 1,
      "r": 1,
    },
    Object {
      "b": 0,
      "g": 0,
      "r": 0,
    },
    Object {
      "b": 0,
      "g": 0,
      "r": 0,
    },
    Object {
      "b": 0,
      "g": 0,
      "r": 0,
    },
    Object {
      "b": 0,
      "g": 0,
      "r": 0,
    },
    Object {
      "b": 0,
      "g": 1,
      "r": 1,
    },
  ],
  Array [
    Object {
      "b": 1,
      "g": 1,
      "r": 1,
    },
    Object {
      "b": 0,
      "g": 0,
      "r": 0,
    },
    Object {
      "b": 0,
      "g": 0,
      "r": 0,
    },
    Object {
      "b": 0,
      "g": 0,
      "r": 0,
    },
    Object {
      "b": 0,
      "g": 0,
      "r": 0,
    },
    Object {
      "b": 0,
      "g": 0,
      "r": 0,
    },
  ],
  Array [
    Object {
      "b": 1,
      "g": 1,
      "r": 1,
    },
    Object {
      "b": 0,
      "g": 0,
      "r": 0,
    },
    Object {
      "b": 0,
      "g": 0,
      "r": 0,
    },
    Object {
      "b": 0,
      "g": 0,
      "r": 0,
    },
    Object {
      "b": 0,
      "g": 0,
      "r": 0,
    },
    Object {
      "b": 0,
      "g": 0,
      "r": 0,
    },
  ],
  Array [
    Object {
      "b": 1,
      "g": 1,
      "r": 1,
    },
    Object {
      "b": 0,
      "g": 0,
      "r": 0,
    },
    Object {
      "b": 0,
      "g": 0,
      "r": 0,
    },
    Object {
      "b": 0,
      "g": 0,
      "r": 0,
    },
    Object {
      "b": 1,
      "g": 0,
      "r": 0,
    },
    Object {
      "b": 0,
      "g": 0,
      "r": 0,
    },
  ],
  Array [
    Object {
      "b": 1,
      "g": 1,
      "r": 1,
    },
    Object {
      "b": 0,
      "g": 0,
      "r": 0,
    },
    Object {
      "b": 0,
      "g": 1,
      "r": 1,
    },
    Object {
      "b": 0,
      "g": 0,
      "r": 0,
    },
    Object {
      "b": 0,
      "g": 0,
      "r": 0,
    },
    Object {
      "b": 0,
      "g": 1,
      "r": 1,
    },
  ],
  Array [
    Object {
      "b": 1,
      "g": 1,
      "r": 1,
    },
    Object {
      "b": 0,
      "g": 0,
      "r": 0,
    },
    Object {
      "b": 0,
      "g": 1,
      "r": 1,
    },
    Object {
      "b": 0,
      "g": 0,
      "r": 0,
    },
    Object {
      "b": 0,
      "g": 0,
      "r": 0,
    },
    Object {
      "b": 0,
      "g": 0,
      "r": 0,
    },
  ],
  Array [
    Object {
      "b": 1,
      "g": 1,
      "r": 1,
    },
    Object {
      "b": 0,
      "g": 0,
      "r": 0,
    },
    Object {
      "b": 0,
      "g": 1,
      "r": 1,
    },
    Object {
      "b": 0,
      "g": 0,
      "r": 0,
    },
    Object {
      "b": 0,
      "g": 0,
      "r": 0,
    },
    Object {
      "b": 0,
      "g": 0,
      "r": 0,
    },
  ],
  Array [
    Object {
      "b": 1,
      "g": 1,
      "r": 1,
    },
    Object {
      "b": 0,
      "g": 0,
      "r": 0,
    },
    Object {
      "b": 0,
      "g": 1,
      "r": 1,
    },
    Object {
      "b": 0,
      "g": 0,
      "r": 0,
    },
    Object {
      "b": 1,
      "g": 0,
      "r": 0,
    },
    Object {
      "b": 0,
      "g": 0,
      "r": 0,
    },
  ],
]
`;

exports[`RubiksCube class should move cubes in wall 1`] = `
Array [
  Array [
    Object {
      "b": 0.8,
      "g": 0.8,
      "r": 0.8,
    },
    Object {
      "b": 0.2823529411764706,
      "g": 0.6078431372549019,
      "r": 0,
    },
    Object {
      "b": 0.8,
      "g": 0.8,
      "r": 0.8,
    },
    Object {
      "b": 0,
      "g": 0,
      "r": 0.8,
    },
    Object {
      "b": 0.6784313725490196,
      "g": 0.27058823529411763,
      "r": 0,
    },
    Object {
      "b": 0.8,
      "g": 0.8,
      "r": 0.8,
    },
  ],
  Array [
    Object {
      "b": 0.8,
      "g": 0.8,
      "r": 0.8,
    },
    Object {
      "b": 0.2823529411764706,
      "g": 0.6078431372549019,
      "r": 0,
    },
    Object {
      "b": 0.8,
      "g": 0.8,
      "r": 0.8,
    },
    Object {
      "b": 0.8,
      "g": 0.8,
      "r": 0.8,
    },
    Object {
      "b": 0.6784313725490196,
      "g": 0.27058823529411763,
      "r": 0,
    },
    Object {
      "b": 0.8,
      "g": 0.8,
      "r": 0.8,
    },
  ],
  Array [
    Object {
      "b": 0.8,
      "g": 0.8,
      "r": 0.8,
    },
    Object {
      "b": 0.2823529411764706,
      "g": 0.6078431372549019,
      "r": 0,
    },
    Object {
      "b": 0,
      "g": 0.34901960784313724,
      "r": 1,
    },
    Object {
      "b": 0.8,
      "g": 0.8,
      "r": 0.8,
    },
    Object {
      "b": 0.6784313725490196,
      "g": 0.27058823529411763,
      "r": 0,
    },
    Object {
      "b": 0.8,
      "g": 0.8,
      "r": 0.8,
    },
  ],
  Array [
    Object {
      "b": 0.8,
      "g": 0.8,
      "r": 0.8,
    },
    Object {
      "b": 0.2823529411764706,
      "g": 0.6078431372549019,
      "r": 0,
    },
    Object {
      "b": 0.8,
      "g": 0.8,
      "r": 0.8,
    },
    Object {
      "b": 0,
      "g": 0,
      "r": 0.8,
    },
    Object {
      "b": 0.8,
      "g": 0.8,
      "r": 0.8,
    },
    Object {
      "b": 0.8,
      "g": 0.8,
      "r": 0.8,
    },
  ],
  Array [
    Object {
      "b": 0.8,
      "g": 0.8,
      "r": 0.8,
    },
    Object {
      "b": 0.2823529411764706,
      "g": 0.6078431372549019,
      "r": 0,
    },
    Object {
      "b": 0.8,
      "g": 0.8,
      "r": 0.8,
    },
    Object {
      "b": 0.8,
      "g": 0.8,
      "r": 0.8,
    },
    Object {
      "b": 0.8,
      "g": 0.8,
      "r": 0.8,
    },
    Object {
      "b": 0.8,
      "g": 0.8,
      "r": 0.8,
    },
  ],
  Array [
    Object {
      "b": 0.8,
      "g": 0.8,
      "r": 0.8,
    },
    Object {
      "b": 0.2823529411764706,
      "g": 0.6078431372549019,
      "r": 0,
    },
    Object {
      "b": 0,
      "g": 0.34901960784313724,
      "r": 1,
    },
    Object {
      "b": 0.8,
      "g": 0.8,
      "r": 0.8,
    },
    Object {
      "b": 0.8,
      "g": 0.8,
      "r": 0.8,
    },
    Object {
      "b": 0.8,
      "g": 0.8,
      "r": 0.8,
    },
  ],
  Array [
    Object {
      "b": 0.8,
      "g": 0.8,
      "r": 0.8,
    },
    Object {
      "b": 0.2823529411764706,
      "g": 0.6078431372549019,
      "r": 0,
    },
    Object {
      "b": 0.8,
      "g": 0.8,
      "r": 0.8,
    },
    Object {
      "b": 0,
      "g": 0,
      "r": 0.8,
    },
    Object {
      "b": 0.8,
      "g": 0.8,
      "r": 0.8,
    },
    Object {
      "b": 0,
      "g": 0.8352941176470589,
      "r": 1,
    },
  ],
  Array [
    Object {
      "b": 0.8,
      "g": 0.8,
      "r": 0.8,
    },
    Object {
      "b": 0.2823529411764706,
      "g": 0.6078431372549019,
      "r": 0,
    },
    Object {
      "b": 0.8,
      "g": 0.8,
      "r": 0.8,
    },
    Object {
      "b": 0.8,
      "g": 0.8,
      "r": 0.8,
    },
    Object {
      "b": 0.8,
      "g": 0.8,
      "r": 0.8,
    },
    Object {
      "b": 0,
      "g": 0.8352941176470589,
      "r": 1,
    },
  ],
  Array [
    Object {
      "b": 0.8,
      "g": 0.8,
      "r": 0.8,
    },
    Object {
      "b": 0.2823529411764706,
      "g": 0.6078431372549019,
      "r": 0,
    },
    Object {
      "b": 0,
      "g": 0.34901960784313724,
      "r": 1,
    },
    Object {
      "b": 0.8,
      "g": 0.8,
      "r": 0.8,
    },
    Object {
      "b": 0.8,
      "g": 0.8,
      "r": 0.8,
    },
    Object {
      "b": 0,
      "g": 0.8352941176470589,
      "r": 1,
    },
  ],
]
`;

exports[`RubiksCube class should rotate cubes in wall 1`] = `
Array [
  Array [
    Object {
      "b": 0.8,
      "g": 0.8,
      "r": 0.8,
    },
    Object {
      "b": 0.2823529411764706,
      "g": 0.6078431372549019,
      "r": 0,
    },
    Object {
      "b": 0,
      "g": 0.8352941176470589,
      "r": 1,
    },
    Object {
      "b": 0.8,
      "g": 0.8,
      "r": 0.8,
    },
    Object {
      "b": 0.8,
      "g": 0.8,
      "r": 0.8,
    },
    Object {
      "b": 0,
      "g": 0,
      "r": 0.8,
    },
  ],
  Array [
    Object {
      "b": 0.8,
      "g": 0.8,
      "r": 0.8,
    },
    Object {
      "b": 0.2823529411764706,
      "g": 0.6078431372549019,
      "r": 0,
    },
    Object {
      "b": 0.8,
      "g": 0.8,
      "r": 0.8,
    },
    Object {
      "b": 0.8,
      "g": 0.8,
      "r": 0.8,
    },
    Object {
      "b": 0.8,
      "g": 0.8,
      "r": 0.8,
    },
    Object {
      "b": 0,
      "g": 0,
      "r": 0.8,
    },
  ],
  Array [
    Object {
      "b": 0.8,
      "g": 0.8,
      "r": 0.8,
    },
    Object {
      "b": 0.2823529411764706,
      "g": 0.6078431372549019,
      "r": 0,
    },
    Object {
      "b": 0.8,
      "g": 0.8,
      "r": 0.8,
    },
    Object {
      "b": 0.6784313725490196,
      "g": 0.27058823529411763,
      "r": 0,
    },
    Object {
      "b": 0.8,
      "g": 0.8,
      "r": 0.8,
    },
    Object {
      "b": 0,
      "g": 0,
      "r": 0.8,
    },
  ],
  Array [
    Object {
      "b": 0.8,
      "g": 0.8,
      "r": 0.8,
    },
    Object {
      "b": 0.2823529411764706,
      "g": 0.6078431372549019,
      "r": 0,
    },
    Object {
      "b": 0,
      "g": 0.8352941176470589,
      "r": 1,
    },
    Object {
      "b": 0.8,
      "g": 0.8,
      "r": 0.8,
    },
    Object {
      "b": 0.8,
      "g": 0.8,
      "r": 0.8,
    },
    Object {
      "b": 0.8,
      "g": 0.8,
      "r": 0.8,
    },
  ],
  Array [
    Object {
      "b": 0.8,
      "g": 0.8,
      "r": 0.8,
    },
    Object {
      "b": 0.2823529411764706,
      "g": 0.6078431372549019,
      "r": 0,
    },
    Object {
      "b": 0.8,
      "g": 0.8,
      "r": 0.8,
    },
    Object {
      "b": 0.8,
      "g": 0.8,
      "r": 0.8,
    },
    Object {
      "b": 0.8,
      "g": 0.8,
      "r": 0.8,
    },
    Object {
      "b": 0.8,
      "g": 0.8,
      "r": 0.8,
    },
  ],
  Array [
    Object {
      "b": 0.8,
      "g": 0.8,
      "r": 0.8,
    },
    Object {
      "b": 0.2823529411764706,
      "g": 0.6078431372549019,
      "r": 0,
    },
    Object {
      "b": 0.8,
      "g": 0.8,
      "r": 0.8,
    },
    Object {
      "b": 0.6784313725490196,
      "g": 0.27058823529411763,
      "r": 0,
    },
    Object {
      "b": 0.8,
      "g": 0.8,
      "r": 0.8,
    },
    Object {
      "b": 0.8,
      "g": 0.8,
      "r": 0.8,
    },
  ],
  Array [
    Object {
      "b": 0.8,
      "g": 0.8,
      "r": 0.8,
    },
    Object {
      "b": 0.2823529411764706,
      "g": 0.6078431372549019,
      "r": 0,
    },
    Object {
      "b": 0,
      "g": 0.8352941176470589,
      "r": 1,
    },
    Object {
      "b": 0.8,
      "g": 0.8,
      "r": 0.8,
    },
    Object {
      "b": 0,
      "g": 0.34901960784313724,
      "r": 1,
    },
    Object {
      "b": 0.8,
      "g": 0.8,
      "r": 0.8,
    },
  ],
  Array [
    Object {
      "b": 0.8,
      "g": 0.8,
      "r": 0.8,
    },
    Object {
      "b": 0.2823529411764706,
      "g": 0.6078431372549019,
      "r": 0,
    },
    Object {
      "b": 0.8,
      "g": 0.8,
      "r": 0.8,
    },
    Object {
      "b": 0.8,
      "g": 0.8,
      "r": 0.8,
    },
    Object {
      "b": 0,
      "g": 0.34901960784313724,
      "r": 1,
    },
    Object {
      "b": 0.8,
      "g": 0.8,
      "r": 0.8,
    },
  ],
  Array [
    Object {
      "b": 0.8,
      "g": 0.8,
      "r": 0.8,
    },
    Object {
      "b": 0.2823529411764706,
      "g": 0.6078431372549019,
      "r": 0,
    },
    Object {
      "b": 0.8,
      "g": 0.8,
      "r": 0.8,
    },
    Object {
      "b": 0.6784313725490196,
      "g": 0.27058823529411763,
      "r": 0,
    },
    Object {
      "b": 0,
      "g": 0.34901960784313724,
      "r": 1,
    },
    Object {
      "b": 0.8,
      "g": 0.8,
      "r": 0.8,
    },
  ],
]
`;
